["204.130.133.130", "38.122.209.113", "154.24.55.105", "154.54.0.225", "154.54.45.18", "154.54.10.34", "193.251.241.121"]
